exports[`Container > Analysis > Histogram Histogram View loads (base case) 1`] = `
<div
  className="histogram-header row">
  <Col
    bsClass="col"
    componentClass="div"
    xs={12}>
    <div
      className="col-xs-12">
      <h3>
        <span>
          An Analysis
        </span>
        <Button
          active={false}
          block={false}
          bsClass="btn"
          bsStyle="default"
          className="pull-right"
          disabled={false}>
          <button
            className="pull-right btn btn-default"
            disabled={false}
            type="button">
            <Link
              onlyActiveOnIndex={false}
              style={Object {}}
              to="/organizations/2/analysis/1">
              <a
                onClick={[Function]}
                style={Object {}}>
                <Icon
                  type="arrow-left">
                  <i
                    className="fa fa-arrow-left fa-fw " />
                </Icon>
                <span>
                  Back
                </span>
              </a>
            </Link>
          </button>
        </Button>
      </h3>
      <h3>
        Commute Metrics Histogram
      </h3>
    </div>
  </Col>
  <Col
    bsClass="col"
    componentClass="div"
    md={6}
    xs={12}>
    <div
      className="col-md-6 col-xs-12">
      <h4>
        <strong>
          Site:
        </strong>
        <span>
          Acme Corp
        </span>
      </h4>
    </div>
  </Col>
  <Col
    bsClass="col"
    componentClass="div"
    md={6}
    xs={12}>
    <div
      className="col-md-6 col-xs-12">
      <h4>
        <strong>
          Group:
        </strong>
        <span>
          Mock Group
        </span>
      </h4>
    </div>
  </Col>
</div>
`;

exports[`Container > Analysis > Histogram Histogram View loads (base case) 2`] = `
<div
  className="histogram-settings col-md-8 col-xs-12">
  <h4>
    Settings
  </h4>
  <Panel
    bsClass="panel"
    bsStyle="default"
    defaultExpanded={false}>
    <div
      className="panel panel-default"
      id={undefined}>
      <div
        className="panel-body">
        <FormGroup
          bsClass="form-group"
          controlId="histogram-metric-select">
          <div
            className="form-group">
            <ControlLabel
              bsClass="control-label"
              srOnly={false}>
              <label
                className="control-label"
                htmlFor="histogram-metric-select">
                Metric
              </label>
            </ControlLabel>
            <FormControl
              bsClass="form-control"
              componentClass="select"
              onChange={[Function]}
              value="time">
              <select
                className="form-control"
                id="histogram-metric-select"
                onChange={[Function]}
                type={undefined}
                value="time">
                <option
                  value="cost">
                  cost
                </option>
                <option
                  value="distance">
                  distance
                </option>
                <option
                  value="time">
                  time
                </option>
              </select>
            </FormControl>
          </div>
        </FormGroup>
      </div>
    </div>
  </Panel>
</div>
`;
