exports[`Container > Analysis > Individuals Individuals View loads (base case) 1`] = `
<Connect(Individuals)
  params={
    Object {
      "analysisId": "1",
      "organizationId": "2",
    }
  }>
  <Individuals
    analysis={
      Object {
        "groupId": "1",
        "id": "1",
        "lastRunDateTime": 1477697490,
        "name": "An Analysis",
        "siteId": "1",
        "summary": Object {
          "avgDistance": 12.34,
          "avgTravelTime": 1234,
          "savingsPerTrip": 1.23,
          "savingsPerYear": 12345,
        },
        "tripVals": Object {
          "bike": Object {
            "cost": Array [
              0.12,
            ],
            "distance": Array [
              23,
            ],
            "time": Array [
              2345,
            ],
          },
          "car": Object {
            "cost": Array [
              6.78,
            ],
            "distance": Array [
              18,
            ],
            "time": Array [
              1234,
            ],
          },
          "transit": Object {
            "cost": Array [
              3.45,
            ],
            "distance": Array [
              30,
            ],
            "time": Array [
              3456,
            ],
          },
          "walk": Object {
            "cost": Array [
              0,
            ],
            "distance": Array [
              19,
            ],
            "time": Array [
              6789,
            ],
          },
        },
        "trips": Array [
          Object {
            "bike": Object {
              "cost": 0.12,
              "distance": 23,
              "polygon": "encoded",
              "time": 2345,
            },
            "car": Object {
              "cost": 6.78,
              "distance": 18,
              "polygon": "encoded",
              "time": 1234,
            },
            "commuterId": "1",
            "transit": Object {
              "cost": 3.45,
              "distance": 30,
              "polygon": "encoded",
              "time": 3456,
            },
            "walk": Object {
              "cost": 0,
              "distance": 19,
              "polygon": "encoded",
              "time": 6789,
            },
          },
        ],
      }
    }
    dispatch={[Function]}
    groupName="Mock Group"
    organizationId="2"
    params={
      Object {
        "analysisId": "1",
        "organizationId": "2",
      }
    }
    siteName="Acme Corp">
    <h1>
      Analysis
    </h1>
  </Individuals>
</Connect(Individuals)>
`;
