exports[`Container > Analysis > Summary Analysis Summary View loads (base case) 1`] = `
<Connect(Summary)
  params={
    Object {
      "analysisId": "analysis-2",
    }
  }>
  <Summary
    analysis={
      Object {
        "_id": "analysis-2",
        "groupId": "group-2",
        "lastRunDateTime": 1477697490,
        "name": "An Analysis",
        "organizationId": "organization-2",
        "siteId": "site-2",
        "summary": Object {
          "avgDistance": 12.34,
          "avgTravelTime": 1234,
          "savingsPerTrip": 1.23,
          "savingsPerTripYear": 319.8,
          "savingsTotalPerDay": 1.23,
          "savingsTotalPerYear": 319.8,
        },
        "tripVals": Object {
          "bike": Object {
            "cost": Array [
              0.12,
            ],
            "distance": Array [
              23,
            ],
            "time": Array [
              2345,
            ],
          },
          "car": Object {
            "cost": Array [
              6.78,
            ],
            "distance": Array [
              18,
            ],
            "time": Array [
              1234,
            ],
          },
          "transit": Object {
            "cost": Array [
              3.45,
            ],
            "distance": Array [
              30,
            ],
            "time": Array [
              3456,
            ],
          },
          "walk": Object {
            "cost": Array [
              0,
            ],
            "distance": Array [
              19,
            ],
            "time": Array [
              6789,
            ],
          },
        },
        "trips": Array [
          Object {
            "bike": Object {
              "cost": 0.12,
              "distance": 23,
              "polygon": "encoded",
              "time": 2345,
            },
            "car": Object {
              "cost": 6.78,
              "distance": 18,
              "polygon": "encoded",
              "time": 1234,
            },
            "commuterId": "commuter-2",
            "mostLikely": Object {
              "cost": 3.45,
              "distance": 30,
              "mode": "transit",
              "polygon": "encoded",
              "time": 3456,
            },
            "transit": Object {
              "cost": 3.45,
              "distance": 30,
              "polygon": "encoded",
              "time": 3456,
            },
            "walk": Object {
              "cost": 0,
              "distance": 19,
              "polygon": "encoded",
              "time": 6789,
            },
          },
        ],
      }
    }
    commuterStore={
      Object {
        "commuter-2": Object {
          "_id": "commuter-2",
          "address": "4321 XYZ Boulevard",
          "city": "Megalopolis",
          "coordinate": Object {
            "lat": 38.916089,
            "lng": -76.970221,
          },
          "country": "Made up land",
          "county": "Made up county",
          "email": "luke@warm.cold",
          "groupId": "group-2",
          "name": "Luke Warm",
          "neighbourhood": undefined,
          "state": "Made up state",
        },
      }
    }
    deleteAnalysis={[Function]}
    groupName="Mock Group"
    params={
      Object {
        "analysisId": "analysis-2",
      }
    }
    siteName="Acme Corp">
    <Grid
      bsClass="container"
      componentClass="div"
      fluid={false}>
      <div
        className="container">
        <Row
          bsClass="row"
          componentClass="div">
          <div
            className="row">
            <Col
              bsClass="col"
              componentClass="div"
              xs={12}>
              <div
                className="col-xs-12">
                <h3>
                  <span>
                    An Analysis
                  </span>
                  <Button
                    active={false}
                    block={false}
                    bsClass="btn"
                    bsStyle="default"
                    className="pull-right"
                    disabled={false}>
                    <button
                      className="pull-right btn btn-default"
                      disabled={false}
                      type="button">
                      <Link
                        onlyActiveOnIndex={false}
                        style={Object {}}
                        to="/organization/organization-2">
                        <a
                          onClick={[Function]}
                          style={Object {}}>
                          <Icon
                            type="arrow-left">
                            <i
                              className="fa fa-arrow-left fa-fw " />
                          </Icon>
                        </a>
                      </Link>
                    </button>
                  </Button>
                </h3>
              </div>
            </Col>
            <Col
              bsClass="col"
              componentClass="div"
              md={6}
              xs={12}>
              <div
                className="col-md-6 col-xs-12">
                <h4>
                  <strong>
                    Site:
                  </strong>
                  <span>
                    Acme Corp
                  </span>
                </h4>
              </div>
            </Col>
            <Col
              bsClass="col"
              componentClass="div"
              md={6}
              xs={12}>
              <div
                className="col-md-6 col-xs-12">
                <h4>
                  <strong>
                    Group:
                  </strong>
                  <span>
                    Mock Group
                  </span>
                </h4>
              </div>
            </Col>
            <Col
              bsClass="col"
              componentClass="div"
              xs={12}>
              <div
                className="col-xs-12">
                <h4>
                  <strong>
                    Progress:
                  </strong>
                  <span>
                    100%
                  </span>
                </h4>
              </div>
            </Col>
            <Col
              bsClass="col"
              componentClass="div"
              md={4}
              xs={12}>
              <div
                className="col-md-4 col-xs-12">
                <h4>
                  <strong>
                    Potential Savings
                  </strong>
                </h4>
              </div>
            </Col>
            <Col
              bsClass="col"
              componentClass="div"
              md={8}
              xs={12}>
              <div
                className="col-md-8 col-xs-12">
                <table
                  className="table table-bordered">
                  <tbody>
                    <tr>
                      <td>
                        Total Costs Per Day
                      </td>
                      <td>
                        $1.23
                      </td>
                    </tr>
                    <tr>
                      <td>
                        Total Costs Per Year
                      </td>
                      <td>
                        $319.8
                      </td>
                    </tr>
                    <tr>
                      <td>
                        Cost Per Trip Per Day
                      </td>
                      <td>
                        $1.23
                      </td>
                    </tr>
                    <tr>
                      <td>
                        Cost Per Trip Per Year
                      </td>
                      <td>
                        $319.8
                      </td>
                    </tr>
                  </tbody>
                </table>
              </div>
            </Col>
            <Col
              bsClass="col"
              componentClass="div"
              md={4}
              xs={12}>
              <div
                className="col-md-4 col-xs-12">
                <h4>
                  <strong>
                    Mode Shift Stats
                  </strong>
                </h4>
              </div>
            </Col>
            <Col
              bsClass="col"
              componentClass="div"
              md={8}
              xs={12}>
              <div
                className="col-md-8 col-xs-12">
                <table
                  className="table table-bordered">
                  <tbody>
                    <tr>
                      <td>
                        Average Travel Time
                      </td>
                      <td>
                        20 minutes, 34 seconds
                      </td>
                    </tr>
                    <tr>
                      <td>
                        Average Distance
                      </td>
                      <td>
                        12.34 miles
                      </td>
                    </tr>
                  </tbody>
                </table>
              </div>
            </Col>
            <Col
              bsClass="col"
              componentClass="div"
              xs={12}>
              <div
                className="col-xs-12">
                <p>
                  <Link
                    onlyActiveOnIndex={false}
                    style={Object {}}
                    to="/analysis/analysis-2/histogram">
                    <a
                      onClick={[Function]}
                      style={Object {}}>
                      Commute Metrics Histogram
                    </a>
                  </Link>
                </p>
                <p>
                  <Link
                    onlyActiveOnIndex={false}
                    style={Object {}}
                    to="/analysis/analysis-2/possibilities">
                    <a
                      onClick={[Function]}
                      style={Object {}}>
                      Possibilities Analysis
                    </a>
                  </Link>
                </p>
                <p>
                  <Link
                    onlyActiveOnIndex={false}
                    style={Object {}}
                    to="/analysis/analysis-2/individuals">
                    <a
                      onClick={[Function]}
                      style={Object {}}>
                      Individual Commuter Analysis
                    </a>
                  </Link>
                </p>
              </div>
            </Col>
          </div>
        </Row>
      </div>
    </Grid>
  </Summary>
</Connect(Summary)>
`;
