exports[`Container > CommuterGroup Commuter Group View loads 1`] = `
<div
  className="group-header col-xs-12">
  <h3>
    <span>
      Mock Group
    </span>
    <ButtonLink
      className="pull-right"
      to="/organization/organization-2">
      <Button
        active={false}
        block={false}
        bsClass="btn"
        bsStyle="default"
        className="pull-right"
        disabled={false}
        onClick={[Function]}
        to="/organization/organization-2">
        <button
          className="pull-right btn btn-default"
          disabled={false}
          onClick={[Function]}
          to="/organization/organization-2"
          type="button">
          <Icon
            type="arrow-left">
            <i
              className="fa fa-arrow-left fa-fw " />
          </Icon>
          <span>
            Back
          </span>
        </button>
      </Button>
    </ButtonLink>
  </h3>
  <ButtonGroup
    block={false}
    bsClass="btn-group"
    justified={false}
    vertical={false}>
    <div
      className="btn-group">
      <Button
        active={false}
        block={false}
        bsClass="btn"
        bsStyle="warning"
        disabled={false}
        onClick={[Function]}>
        <button
          className="btn btn-warning"
          disabled={false}
          onClick={[Function]}
          type="button">
          <Icon
            type="pencil">
            <i
              className="fa fa-pencil fa-fw " />
          </Icon>
          <span>
            Edit Name
          </span>
        </button>
      </Button>
      <Button
        active={false}
        block={false}
        bsClass="btn"
        bsStyle="danger"
        disabled={false}
        onClick={[Function]}>
        <button
          className="btn btn-danger"
          disabled={false}
          onClick={[Function]}
          type="button">
          Delete Group
        </button>
      </Button>
    </div>
  </ButtonGroup>
</div>
`;

exports[`Container > CommuterGroup Commuter Group View loads 2`] = `
"<div class=\"group-content row\">
  <div class=\"col-xs-12\">
    <h3>Commuters</h3>
    <div class=\"btn-group\">
      <button to=\"/group/group-2/commuter/create\" type=\"button\" class=\"btn btn-info\">
        <i class=\"fa fa-plus fa-fw \"></i><span>Create New Commuter</span> </button>
      <button to=\"/group/group-2/add\" type=\"button\" class=\"btn btn-warning\">Add Commuters in Bulk</button>
    </div>
    <div class=\"react-bs-table-container\">
      <div class=\"react-bs-table\" style=\"height: 100%;\">
        <div class=\"react-bs-container-header table-header-wrapper\">
          <table class=\"table table-hover table-bordered\">
            <colgroup>
              <col class=\"\" style=\"display: none; min-width: NaNpx;\">
                <col class=\"\" style=\"min-width: NaNpx;\">
                  <col class=\"\" style=\"min-width: NaNpx;\">
                    <col class=\"\" style=\"min-width: NaNpx;\">
                      <col class=\"\" style=\"min-width: NaNpx;\">
                        <col class=\"\" style=\"min-width: NaNpx;\">
                          <col class=\"\" style=\"min-width: NaNpx;\">
            </colgroup>
            <thead>
              <tr>
                <th class=\"\" data-is-only-head=\"false\" style=\"text-align: left; display: none;\" data-field=\"_id\">
                  <div></div>
                </th>
                <th class=\"\" data-is-only-head=\"false\" title=\"Name\" style=\"text-align: left;\" data-field=\"name\">

                  <!-- react-text: 41 -->Name<!-- /react-text -->
                  <div></div>
                </th>
                <th class=\"\" data-is-only-head=\"false\" title=\"Original Address\" style=\"text-align: left;\" data-field=\"original_address\">

                  <!-- react-text: 44 -->Original Address<!-- /react-text -->
                  <div></div>
                </th>
                <th class=\"\" data-is-only-head=\"false\" title=\"Geocoded Address\" style=\"text-align: left;\" data-field=\"address\">

                  <!-- react-text: 47 -->Geocoded Address<!-- /react-text -->
                  <div></div>
                </th>
                <th class=\"\" data-is-only-head=\"false\" title=\"Geocode Confidence\" style=\"text-align: left;\" data-field=\"undefined\">

                  <!-- react-text: 50 -->Geocode Confidence<!-- /react-text -->
                  <div></div>
                </th>
                <th class=\"\" data-is-only-head=\"false\" title=\"Email\" style=\"text-align: left;\" data-field=\"email\">

                  <!-- react-text: 53 -->Email<!-- /react-text -->
                  <div></div>
                </th>
                <th class=\"\" data-is-only-head=\"false\" title=\"Tools\" style=\"text-align: left;\" data-field=\"undefined\">

                  <!-- react-text: 56 -->Tools<!-- /react-text -->
                  <div></div>
                </th>
              </tr>
            </thead>
          </table>
        </div>
        <div class=\"react-bs-container-body\" style=\"height: 100%;\">
          <table class=\"table table-bordered\">
            <colgroup>
              <col class=\"\" style=\"display: none;\">
                <col class=\"\">
                  <col class=\"\">
                    <col class=\"\">
                      <col class=\"\">
                        <col class=\"\">
                          <col class=\"\">
            </colgroup>
            <tbody>
              <tr class=\"\">
                <td class=\"\" style=\"text-align: left; display: none;\">commuter-2</td>
                <td class=\"\" style=\"text-align: left;\">Luke Warm</td>
                <td class=\"\" style=\"text-align: left;\"></td>
                <td class=\"\" style=\"text-align: left;\">4321 XYZ Boulevard</td>
                <td class=\"\" style=\"text-align: left;\">
                  <div>77 %</div>
                </td>
                <td class=\"\" style=\"text-align: left;\">luke@warm.cold</td>
                <td class=\"\" style=\"text-align: left;\">
                  <div class=\"btn-group\">
                    <button to=\"/commuter/commuter-2/edit\" type=\"button\" class=\"btn btn-warning\">Edit</button>
                    <button type=\"button\" class=\"btn btn-danger\">Delete</button>
                  </div>
                </td>
              </tr>
            </tbody>
          </table>
        </div>
      </div>
    </div>
  </div>
</div>"
`;

exports[`Container > CommuterGroup Delete Commuter 1`] = `
Object {
  "payload": Object {
    "args": Array [
      "/group/group-2",
    ],
    "method": "push",
  },
  "type": "@@router/CALL_HISTORY_METHOD",
}
`;
