exports[`actions > organization create organization should work 1`] = `
Object {
  "payload": Object {
    "groups": Array [],
    "name": "mockOrg",
    "sites": Array [],
  },
  "type": "add organization",
}
`;

exports[`actions > organization create organization should work 2`] = `
Object {
  "payload": Object {
    "args": Array [
      "/",
    ],
    "method": "push",
  },
  "type": "@@router/CALL_HISTORY_METHOD",
}
`;

exports[`actions > organization delete organization should work 1`] = `
Array [
  Object {
    "payload": "1",
    "type": "delete organization",
  },
]
`;
